Error type B at Line 3: Missing closing bracket ']'
